// Jest Snapshot v1, https://goo.gl/fbAQLP

exports[`test mainPage test mainPage 1`] = `
<div
  className=""
  id="error-page"
>
  <h1>
    Oops!
  </h1>
  <p>
    Sorry, an unexpected error has occurred.
  </p>
  <p>
    <i />
  </p>
</div>
`;
