// Jest Snapshot v1, https://goo.gl/fbAQLP

exports[`test mainPage test mainPage 1`] = `""`;
